
> rest-express@1.0.0 check
> tsc

client/src/components/ui/empty-state.tsx(73,6): error TS2322: Type '{ children: ("" | Element | undefined)[]; defaultChecked?: boolean | undefined; defaultValue?: string | number | readonly string[] | undefined; suppressContentEditableWarning?: boolean | undefined; ... 261 more ...; className: string; }' is not assignable to type 'Omit<HTMLMotionProps<"div">, "ref">'.
  Types of property 'onDrag' are incompatible.
    Type 'DragEventHandler<HTMLDivElement> | undefined' is not assignable to type '((event: MouseEvent | PointerEvent | TouchEvent, info: PanInfo) => void) | undefined'.
      Type 'DragEventHandler<HTMLDivElement>' is not assignable to type '(event: MouseEvent | PointerEvent | TouchEvent, info: PanInfo) => void'.
        Types of parameters 'event' and 'event' are incompatible.
          Type 'MouseEvent | PointerEvent | TouchEvent' is not assignable to type 'DragEvent<HTMLDivElement>'.
            Type 'MouseEvent' is missing the following properties from type 'DragEvent<HTMLDivElement>': dataTransfer, nativeEvent, isDefaultPrevented, isPropagationStopped, persist
client/src/components/vesting-widget.tsx(40,33): error TS2339: Property 'totalSharesMined' does not exist on type '{ id: string; firstName: string | null; lastName: string | null; email: string | null; profileImageUrl: string | null; username: string | null; balance: string; isAdmin: boolean; isPremium: boolean; ... 7 more ...; updatedAt: Date; }'.
server/bot/bot-engine.ts(192,3): error TS2322: Type '{ user: { id: string; email: string | null; firstName: string | null; lastName: string | null; profileImageUrl: string | null; username: string | null; balance: string; isAdmin: boolean; ... 8 more ...; updatedAt: Date; }; ... 26 more ...; updatedAt: Date; }[]' is not assignable to type '(BotProfile & { user: { id: string; firstName: string | null; lastName: string | null; email: string | null; profileImageUrl: string | null; username: string | null; balance: string; ... 9 more ...; updatedAt: Date; }; })[]'.
  Type '{ user: { id: string; email: string | null; firstName: string | null; lastName: string | null; profileImageUrl: string | null; username: string | null; balance: string; isAdmin: boolean; ... 8 more ...; updatedAt: Date; }; ... 26 more ...; updatedAt: Date; }' is not assignable to type 'BotProfile & { user: { id: string; firstName: string | null; lastName: string | null; email: string | null; profileImageUrl: string | null; username: string | null; balance: string; ... 9 more ...; updatedAt: Date; }; }'.
    Property 'maxPlayersToMine' is missing in type '{ user: { id: string; email: string | null; firstName: string | null; lastName: string | null; profileImageUrl: string | null; username: string | null; balance: string; isAdmin: boolean; ... 8 more ...; updatedAt: Date; }; ... 26 more ...; updatedAt: Date; }' but required in type 'BotProfile'.
server/bot/vesting-strategy.ts(307,35): error TS2551: Property 'maxPlayersToVest' does not exist on type 'BotProfile & { user: { id: string; isPremium: boolean; }; }'. Did you mean 'maxPlayersToMine'?
server/jobs/create-nfl-contests.ts(108,21): error TS2353: Object literal may only specify known properties, and 'week' does not exist in type '{ name: string; gameDate: Date; startsAt: Date; sport?: string | undefined; contestType?: string | undefined; status?: string | undefined; entryFee?: string | undefined; }'.
server/jobs/debug-backfill.ts(4,25): error TS1375: 'await' expressions are only allowed at the top level of a file when that file is a module, but this file has no imports or exports. Consider adding an empty 'export {}' to make this file a module.
server/jobs/debug-backfill.ts(4,25): error TS1378: Top-level 'await' expressions are only allowed when the 'module' option is set to 'es2022', 'esnext', 'system', 'node16', 'nodenext', or 'preserve', and the 'target' option is set to 'es2017' or higher.
server/jobs/debug-backfill.ts(7,46): error TS18046: 'e' is of type 'unknown'.
server/jobs/debug-backfill.ts(8,9): error TS18046: 'e' is of type 'unknown'.
server/jobs/debug-backfill.ts(8,40): error TS18046: 'e' is of type 'unknown'.
server/jobs/debug-backfill.ts(9,9): error TS18046: 'e' is of type 'unknown'.
server/jobs/debug-backfill.ts(9,42): error TS18046: 'e' is of type 'unknown'.
server/seed.ts(137,15): error TS2769: No overload matches this call.
  Overload 1 of 2, '(value: { date: SQL<unknown> | Date | Placeholder<string, any>; gameId: string | SQL<unknown> | Placeholder<string, any>; homeTeam: string | SQL<unknown> | Placeholder<...>; ... 9 more ...; lastFetchedAt?: SQL<...> | ... 2 more ... | undefined; }): PgInsertBase<...>', gave the following error.
    Argument of type '{ gameId: string; homeTeam: string; awayTeam: string; startTime: Date; status: "scheduled"; }' is not assignable to parameter of type '{ date: SQL<unknown> | Date | Placeholder<string, any>; gameId: string | SQL<unknown> | Placeholder<string, any>; homeTeam: string | SQL<unknown> | Placeholder<...>; ... 9 more ...; lastFetchedAt?: SQL<...> | ... 2 more ... | undefined; }'.
      Property 'date' is missing in type '{ gameId: string; homeTeam: string; awayTeam: string; startTime: Date; status: "scheduled"; }' but required in type '{ date: SQL<unknown> | Date | Placeholder<string, any>; gameId: string | SQL<unknown> | Placeholder<string, any>; homeTeam: string | SQL<unknown> | Placeholder<...>; ... 9 more ...; lastFetchedAt?: SQL<...> | ... 2 more ... | undefined; }'.
  Overload 2 of 2, '(values: { date: SQL<unknown> | Date | Placeholder<string, any>; gameId: string | SQL<unknown> | Placeholder<string, any>; homeTeam: string | SQL<unknown> | Placeholder<...>; ... 9 more ...; lastFetchedAt?: SQL<...> | ... 2 more ... | undefined; }[]): PgInsertBase<...>', gave the following error.
    Argument of type '{ gameId: string; homeTeam: string; awayTeam: string; startTime: Date; status: "scheduled"; }' is not assignable to parameter of type '{ date: SQL<unknown> | Date | Placeholder<string, any>; gameId: string | SQL<unknown> | Placeholder<string, any>; homeTeam: string | SQL<unknown> | Placeholder<...>; ... 9 more ...; lastFetchedAt?: SQL<...> | ... 2 more ... | undefined; }[]'.
      Type '{ gameId: string; homeTeam: string; awayTeam: string; startTime: Date; status: "scheduled"; }' is missing the following properties from type '{ date: SQL<unknown> | Date | Placeholder<string, any>; gameId: string | SQL<unknown> | Placeholder<string, any>; homeTeam: string | SQL<unknown> | Placeholder<...>; ... 9 more ...; lastFetchedAt?: SQL<...> | ... 2 more ... | undefined; }[]': length, pop, push, concat, and 35 more.
server/storage.ts(406,9): error TS2393: Duplicate function implementation.
server/storage.ts(2843,9): error TS2393: Duplicate function implementation.
